AREA .  .ABS.
	RADIX HEX
	BASE 0000
	SIZE 0000
	ATTRIB ABS OVR
	GLOBALS
		l__HEAP	0000
		l__BSEG	0000
		l_.  .ABS.	0000
		l__GSFINAL	0000
		l__ISEG	0000
		s_.  .ABS.	0000
		s__HEADER	0000
		l__XSEG	0000
		.init	0000
		l__OVERLAY	0000
		l__LIT	0000
		l__GSINITTAIL	0001
		l__BSS	0087
		l__CODE_3	0166
		l__HEADER	01EB
		s__CODE	0200
		l__HOME	04AD
		l__CODE	08BB
		s__HOME	0ABB
		s__BASE	0F68
		l__BASE	1000
		l__CODE_2	14A6
		l__GSINIT	1ABB
		s__LIT	1F68
		s__GSINIT	1F68
		l__DATA	2147
		s__GSINITTAIL	3A23
		s__GSFINAL	3A24
		s__CODE_2	4000
		s__CODE_3	4000
		.OAM	C000
		s__DATA	C0A0
		.STACK	E000
		s__BSS	E1E7
		s__HEAP	E26E
		s__BSEG	E26E
		s__ISEG	E26E
		s__XSEG	E26E
		s__OVERLAY	E26E
		.refresh_OAM	FF80
AREA _CODE
	RADIX HEX
	BASE 0200
	SIZE 08BB
	ATTRIB REL CON
	GLOBALS
		_main	0200
		__divschar_rrx_s	0248
		__divschar_rrx_hds	024F
		__modschar_rrx_s	0256
		__modschar_rrx_hds	025D
		__divsint_rrx_s	0262
		__divsint_rrx_hds	026E
		__modsint_rrx_s	0276
		__modsint_rrx_hds	0282
		__divuchar_rrx_s	0288
		__divuchar_rrx_hds	028F
		__moduchar_rrx_s	0296
		__moduchar_rrx_hds	029D
		__divuint_rrx_s	02A2
		__divuint_rrx_hds	02AE
		__moduint_rrx_s	02B6
		__moduint_rrx_hds	02C2
		.mod8	02C8
		.div8	02C8
		.mod16	02D0
		.div16	02D0
		.modu8	030A
		.divu8	030A
		.modu16	030D
		.divu16	030D
		_putchar	034A
		_setchar	0353
		_gotoxy	035C
		_posx	0367
		_posy	0378
		.adv_gcurs	0389
		.circle	03A6
		.horlin	0449
		.verlin	0481
		.circplot	04DD
		.box	055B
		.line	0631
		.xonly	0752
		.yonly	08A1
		.plot	08C2
		.wrbyte	08DF
		.getpix	0961
		.wrtchr	0996
		_gotogxy	09FA
		_wrtchr	0A05
		_getpix	0A1A
		_color	0A26
		_circle	0A35
		_box	0A4F
		_line	0A73
		_plot_point	0A8B
		_plot	0A9F
AREA _HEADER
	RADIX HEX
	BASE 0000
	SIZE 01EB
	ATTRIB ABS OVR
	GLOBALS
		_exit	01D2
AREA _HOME
	RADIX HEX
	BASE 0ABB
	SIZE 04AD
	ATTRIB REL CON
	GLOBALS
		.set_mode	0ABB
		.remove_VBL	0ACB
		.remove_LCD	0AD1
		.remove_TIM	0AD7
		.remove_SIO	0ADD
		.remove_JOY	0AE3
		.add_VBL	0AE9
		.add_LCD	0AEF
		.add_TIM	0AF5
		.add_SIO	0AFB
		.add_JOY	0B01
		.remove_int	0B07
		.add_int	0B27
		.wait_vbl_done	0B43
		_wait_vbl_done	0B43
		_display_off	0B5A
		.display_off	0B5A
		.serial_IO	0B7B
		_mode	0BAA
		_get_mode	0BB3
		_enable_interrupts	0BB8
		_disable_interrupts	0BBA
		_reset	0BBC
		.reset	0BBC
		_set_interrupts	0BC2
		_remove_VBL	0BCD
		_remove_LCD	0BD8
		_remove_TIM	0BE3
		_remove_SIO	0BEE
		_remove_JOY	0BF9
		_add_VBL	0C04
		_add_LCD	0C0F
		_add_TIM	0C1A
		_add_SIO	0C25
		_add_JOY	0C30
		_clock	0C3B
		__printTStates	0C44
		banked_call	0C45
		banked_ret	0C5E
		__initrleblock	0C67
		_printf	0C8E
		_sprintf	0CAB
AREA _BASE
	RADIX HEX
	BASE 0F68
	SIZE 1000
	ATTRIB REL CON
	GLOBALS
		.set_sprite_prop	0F68
		_set_sprite_prop	0F75
		.padup	0F80
		_waitpadup	0F80
		.jpad	0F90
		.wait_pad	0FBD
		_joypad	0FC4
		_waitpad	0FC9
		.mv_sprite	0FD3
		_move_sprite	0FE2
		_set_win_data	0FEF
		_set_bkg_data	0FEF
		_set_sprite_data	103C
		.set_sprite_tile	106B
		_set_sprite_tile	1078
		.delay	1083
		_delay	10BD
		.copy_vram	10C6
		_get_data	10D5
		_set_data	10D5
		_set_bkg_tiles	10E8
		font_copy_uncompressed	10FC
		font_copy_compressed	1132
		font_load	1187
		font_copy_current	11CF
		font_set	1217
		.put_char	1224
		.out_char	123D
		.del_char	1244
		_font_load	129F
		_font_set	12AD
		_font_init	12BC
		_cls	12DE
		.cls	12DE
		.cr_curs	1310
		.adv_curs	1325
		.tmode	1381
		.tmode_out	13AA
		_font_load_ibm_fixed	13BA
		_font_ibm_fixed	13C1
		_font_ibm_fixed_tiles	14C3
		.gmode	1CC3
		.vbl	1D25
		.lcd	1D30
		.draw_image	1D3D
		.switch_data	1D47
		_switch_data	1D7E
		_draw_image	1D99
		.y_table	1DAC
		.set_xy_wtt	1ECC
		.set_xy_btt	1EDD
		.set_xy_tt	1EEC
		_set_tiles	1F1D
		.init_vram	1F36
		.init_wtt	1F44
		.init_btt	1F54
		.init_tt	1F62
AREA _LIT
	RADIX HEX
	BASE 1F68
	SIZE 0000
	ATTRIB REL CON
AREA _GSINIT
	RADIX HEX
	BASE 1F68
	SIZE 1ABB
	ATTRIB REL CON
	GLOBALS
		gsinit	1F68
AREA _GSINITTAIL
	RADIX HEX
	BASE 3A23
	SIZE 0001
	ATTRIB REL CON
AREA _GSFINAL
	RADIX HEX
	BASE 3A24
	SIZE 0000
	ATTRIB REL CON
AREA _DATA
	RADIX HEX
	BASE C0A0
	SIZE 2147
	ATTRIB REL CON
	GLOBALS
		_background	C0A0
		_levelset	C320
		_level_1	C570
		_level_2	C6D8
		_level_3	C840
		_level_4	C9A8
		_programming	CB10
		_victory_sprites	CC78
		_victory	D068
		_program	D1D0
		_screen	D1E4
		_level	D1E6
		_current_level	D1E7
		_currentBeat	D34F
		_timerCounter	D351
		_song_ch1	D353
		_objectives	D383
		_transmission	D384
		_bot	D38E
		_func_1_return	D39A
		_func_2_return	D39B
		_joypad_prev	D39C
		_cursor	D39D
		_title_sprites	D39F
		_title	DC3F
		_sprites	DDA7
AREA _BSS
	RADIX HEX
	BASE E1E7
	SIZE 0087
	ATTRIB REL CON
	GLOBALS
		__cpu	E1E7
		.mode	E1E8
		__io_out	E1E9
		__io_in	E1EA
		__io_status	E1EB
		.vbl_done	E1EC
		__current_bank	E1ED
		_sys_time	E1EE
		.sys_time	E1EE
		.int_0x40	E1F0
		.int_0x48	E200
		.int_0x50	E210
		.int_0x58	E220
		.int_0x60	E230
		font_current	E243
		font_first_free_tile	E246
		font_table	E247
		.curx	E259
		.cury	E25A
		.fg_colour	E25B
		.bg_colour	E25C
AREA _HEAP
	RADIX HEX
	BASE E26E
	SIZE 0000
	ATTRIB REL CON
	GLOBALS
		_malloc_heap_start	E26E
AREA _OVERLAY
	RADIX HEX
	BASE E26E
	SIZE 0000
	ATTRIB REL CON
AREA _ISEG
	RADIX HEX
	BASE E26E
	SIZE 0000
	ATTRIB REL CON
AREA _BSEG
	RADIX HEX
	BASE E26E
	SIZE 0000
	ATTRIB REL CON
AREA _XSEG
	RADIX HEX
	BASE E26E
	SIZE 0000
	ATTRIB REL CON
AREA _CODE_2
	RADIX HEX
	BASE 4000
	SIZE 14A6
	ATTRIB REL CON
	GLOBALS
		_reset_sprites	4000
		_setNote	403D
		_frequencies	417B
		_playChannel1	420D
		_timerInterrupt	4240
		_sounds	42A0
		_pewpew	42A1
		_copy_map	42D2
		_tile_objective_inactive	433B
		_tile_objective_active	433C
		_get_offset	433D
		_tile_at	43B2
		_tile_at_next	43EA
		_set_velocity	44B2
		_toggle_objective	4546
		_move_transmission	4601
		_disable_transmission	4671
		_init_transmission	4692
		_update_transmission	4746
		_turn_bot	486B
		_bot_sprit_up	497C
		_bot_sprit_down	497D
		_bot_sprit_side	497E
		_move_bot	497F
		_init_bot	49E5
		_command_move	49FB
		_command_turn	4A41
		_command_next	4A9D
		_update_bot	4ACB
		_cursor_update	4C77
		_cursor_init	4EA4
		_init_level	4F36
		_update_level_running	5041
		_update_level_idle	506F
		_draw_instructions	5091
		_update_programming	52EC
		_init_programming	5308
		_set_command	5335
		_update_victory	536E
		_init_victory	5386
		_update	5451
AREA _CODE_3
	RADIX HEX
	BASE 4000
	SIZE 0166
	ATTRIB REL CON
	GLOBALS
		_init_title	4000
MODULES
	FILE /opt/gbdk/lib/small/asxxxx/gb/crt0.o
		NAME Runtime
	FILE main.o
		NAME lcc10020
	FILE bank2.o
		NAME lcc10060
	FILE bank3.o
		NAME lcc10100
LIBRARIES
	LIBRARY /opt/gbdk/lib/small/asxxxx/gbz80/gbz80.lib
		MODULE crt0_rle.o
	LIBRARY /opt/gbdk/lib/small/asxxxx/gb/gb.lib
		MODULE set_prop.o
	LIBRARY /opt/gbdk/lib/small/asxxxx/gb/gb.lib
		MODULE pad.o
	LIBRARY /opt/gbdk/lib/small/asxxxx/gbz80/gbz80.lib
		MODULE div.o
	LIBRARY /opt/gbdk/lib/small/asxxxx/gb/gb.lib
		MODULE mv_spr.o
	LIBRARY /opt/gbdk/lib/small/asxxxx/gb/gb.lib
		MODULE set_data.o
	LIBRARY /opt/gbdk/lib/small/asxxxx/gb/gb.lib
		MODULE set_spr.o
	LIBRARY /opt/gbdk/lib/small/asxxxx/gb/gb.lib
		MODULE delay.o
	LIBRARY /opt/gbdk/lib/small/asxxxx/gbz80/gbz80.lib
		MODULE printf.o
	LIBRARY /opt/gbdk/lib/small/asxxxx/gb/gb.lib
		MODULE cpy_data.o
	LIBRARY /opt/gbdk/lib/small/asxxxx/gb/gb.lib
		MODULE set_bk_t.o
	LIBRARY /opt/gbdk/lib/small/asxxxx/gb/gb.lib
		MODULE font.o
	LIBRARY /opt/gbdk/lib/small/asxxxx/gb/gb.lib
		MODULE ibmfixed.o
	LIBRARY /opt/gbdk/lib/small/asxxxx/gb/gb.lib
		MODULE drawing.o
	LIBRARY /opt/gbdk/lib/small/asxxxx/gb/gb.lib
		MODULE set_xy_t.o
	LIBRARY /opt/gbdk/lib/small/asxxxx/gb/gb.lib
		MODULE init_tt.o
USERBASEDEF
	_CODE=0x0200
	_DATA=0xC0A0
	_CODE_1=0x4000
	_CODE_2=0x4000
	_CODE_3=0x4000
USERGLOBALDEF
	.OAM=0xC000
	.STACK=0xE000
	.refresh_OAM=0xFF80
	.init=0x0000
